[
  "Invalid hex color format",
  "Invalid hex color format",
  "invalid digit found in string"
]