[
  "Invalid color format",
  "Invalid `ColorSpace` string representation",
  "Invalid color format",
  "Invalid color format"
]