[
  {
    "space": "Srgb",
    "c1": "100",
    "c2": "50",
    "c3": "25",
    "alpha": "100"
  },
  {
    "space": "Srgb",
    "c1": "100",
    "c2": "50",
    "c3": "25",
    "alpha": "75"
  }
]